{"done": 1, "total": 96, "stem": "img_003427"}
{"done": 2, "total": 96, "stem": "img_004880"}
{"done": 3, "total": 96, "stem": "img_000951"}
{"done": 4, "total": 96, "stem": "img_003506"}
{"done": 5, "total": 96, "stem": "img_000098"}
{"done": 6, "total": 96, "stem": "img_001284"}
{"done": 7, "total": 96, "stem": "img_002586"}
{"done": 8, "total": 96, "stem": "img_001633"}
{"done": 9, "total": 96, "stem": "img_006845"}
{"done": 10, "total": 96, "stem": "img_002833"}
{"done": 11, "total": 96, "stem": "img_006961"}
{"done": 12, "total": 96, "stem": "img_006386"}
{"done": 13, "total": 96, "stem": "img_001449"}
{"done": 14, "total": 96, "stem": "img_002373"}
{"done": 15, "total": 96, "stem": "img_003500"}
{"done": 16, "total": 96, "stem": "img_002571"}
{"done": 17, "total": 96, "stem": "img_002036"}
{"done": 18, "total": 96, "stem": "img_000538"}
{"done": 19, "total": 96, "stem": "img_002772"}
{"done": 20, "total": 96, "stem": "img_005736"}
{"done": 21, "total": 96, "stem": "img_006291"}
{"done": 22, "total": 96, "stem": "img_002350"}
{"done": 23, "total": 96, "stem": "img_000784"}
{"done": 24, "total": 96, "stem": "img_004411"}
{"done": 25, "total": 96, "stem": "img_000316"}
{"done": 26, "total": 96, "stem": "img_003791"}
{"done": 27, "total": 96, "stem": "img_002658"}
{"done": 28, "total": 96, "stem": "img_002429"}
{"done": 29, "total": 96, "stem": "img_000187"}
{"done": 30, "total": 96, "stem": "img_000290"}
{"done": 31, "total": 96, "stem": "img_003348"}
{"done": 32, "total": 96, "stem": "img_000734"}
{"done": 33, "total": 96, "stem": "img_006463"}
{"done": 34, "total": 96, "stem": "img_006416"}
{"done": 35, "total": 96, "stem": "img_006513"}
{"done": 36, "total": 96, "stem": "img_000320"}
{"done": 37, "total": 96, "stem": "img_004857"}
{"done": 38, "total": 96, "stem": "img_005715"}
{"done": 39, "total": 96, "stem": "img_005432"}
{"done": 40, "total": 96, "stem": "img_001471"}
{"done": 41, "total": 96, "stem": "img_000466"}
{"done": 42, "total": 96, "stem": "img_001557"}
{"done": 43, "total": 96, "stem": "img_000732"}
{"done": 44, "total": 96, "stem": "img_001210"}
{"done": 45, "total": 96, "stem": "img_003096"}
{"done": 46, "total": 96, "stem": "img_002787"}
{"done": 47, "total": 96, "stem": "img_002448"}
{"done": 48, "total": 96, "stem": "img_001444"}
{"done": 49, "total": 96, "stem": "img_003054"}
{"done": 50, "total": 96, "stem": "img_006964"}
{"done": 51, "total": 96, "stem": "img_003695"}
{"done": 52, "total": 96, "stem": "img_006394"}
{"done": 53, "total": 96, "stem": "img_004931"}
{"done": 54, "total": 96, "stem": "img_003498"}
{"done": 55, "total": 96, "stem": "img_000307"}
{"done": 56, "total": 96, "stem": "img_006551"}
{"done": 57, "total": 96, "stem": "img_003261"}
{"done": 58, "total": 96, "stem": "img_001555"}
{"done": 59, "total": 96, "stem": "img_005578"}
{"done": 60, "total": 96, "stem": "img_005093"}
{"done": 61, "total": 96, "stem": "img_006607"}
{"done": 62, "total": 96, "stem": "img_001420"}
{"done": 63, "total": 96, "stem": "img_004219"}
{"done": 64, "total": 96, "stem": "img_002877"}
{"done": 65, "total": 96, "stem": "img_000303"}
{"done": 66, "total": 96, "stem": "img_006615"}
{"done": 67, "total": 96, "stem": "img_003906"}
{"done": 68, "total": 96, "stem": "img_004524"}
{"done": 69, "total": 96, "stem": "img_005681"}
{"done": 70, "total": 96, "stem": "img_003242"}
{"done": 71, "total": 96, "stem": "img_002454"}
{"done": 72, "total": 96, "stem": "img_006333"}
{"done": 73, "total": 96, "stem": "img_002074"}
{"done": 74, "total": 96, "stem": "img_006988"}
{"done": 75, "total": 96, "stem": "img_003183"}
{"done": 76, "total": 96, "stem": "img_004379"}
{"done": 77, "total": 96, "stem": "img_004724"}
{"done": 78, "total": 96, "stem": "img_001332"}
{"done": 79, "total": 96, "stem": "img_001320"}
{"done": 80, "total": 96, "stem": "img_002362"}
{"done": 81, "total": 96, "stem": "img_004110"}
{"done": 82, "total": 96, "stem": "img_002041"}
{"done": 83, "total": 96, "stem": "img_000836"}
{"done": 84, "total": 96, "stem": "img_004713"}
{"done": 85, "total": 96, "stem": "img_006015"}
{"done": 86, "total": 96, "stem": "img_006448"}
{"done": 87, "total": 96, "stem": "img_006877"}
{"done": 88, "total": 96, "stem": "img_000100"}
{"done": 89, "total": 96, "stem": "img_003333"}
{"done": 90, "total": 96, "stem": "img_002800"}
{"done": 91, "total": 96, "stem": "img_006418"}
{"done": 92, "total": 96, "stem": "img_005192"}
{"done": 93, "total": 96, "stem": "img_003447"}
{"done": 94, "total": 96, "stem": "img_003363"}
{"done": 95, "total": 96, "stem": "img_000895"}
{"done": 96, "total": 96, "stem": "img_004415"}
{
  "experiment": "E14 fixed E2 raw fusion into unchanged E11 relaxation",
  "baseline_commit": "ceea9ca234d8700bfeef5a9392f1ef31d6dfe4b7",
  "e2_commit": "63c14562ce6caa7228ccb902160259531b8fbab2",
  "e11_commit": "4d677494a6ec4532caba64aa35d72db018644a8c",
  "cache_sha256": "skipped_after_verified_run",
  "cases": 96,
  "start": 32,
  "seed_offset": 0,
  "alpha": 0.2,
  "selection_inputs": [
    "raw tiles",
    "right",
    "down",
    "pos"
  ],
  "selection_excludes": [
    "target",
    "truth",
    "SSIM",
    "adjacency"
  ],
  "fusion_preprocessing_seconds": 36.644421668257564,
  "methods": {
    "baseline_sa": {
      "ssim": {
        "mean": 0.10419568533576525,
        "robust": 0.10200054135492367,
        "folds": [
          0.10204501806288595,
          0.10864878333891233,
          0.09804484656641917,
          0.10804409337484355
        ]
      },
      "mean_adjacency": 0.08488073671497585,
      "mean_learned_objective": -5864.326775232951,
      "mean_fused_objective": -6168.596754074097,
      "runtime_seconds": 322.1560832936084,
      "mean_runtime_seconds": 3.3557925343084207,
      "valid_permutations": 96
    },
    "e14_fusion_relaxation": {
      "ssim": {
        "mean": 0.10484144504642268,
        "robust": 0.1026316775277882,
        "folds": [
          0.10097154913970717,
          0.1089057170434589,
          0.09991642790550714,
          0.10957208609701752
        ]
      },
      "mean_adjacency": 0.10143983997584542,
      "mean_learned_objective": -6575.876818656921,
      "mean_fused_objective": -6753.587962150574,
      "runtime_seconds": 57.26948454207741,
      "mean_runtime_seconds": 0.5965571306466396,
      "valid_permutations": 96
    }
  },
  "failures": [],
  "comparison": {
    "robust_ssim_delta": 0.0006311361728645326,
    "mean_ssim_delta": 0.0006457597106574314,
    "mean_adjacency_delta": 0.016559103260869568,
    "ssim_wins": 48,
    "adjacency_wins": 87,
    "candidate_end_to_end_runtime_seconds": 93.91390621033497,
    "candidate_end_to_end_runtime_ratio": 0.2915167866774169
  },
  "dual_metric_gate": true
}
